// Jest Snapshot v1, https://goo.gl/fbAQLP

exports[`CityItem matches snapshot 1`] = `
<View
  accessibilityState={
    {
      "busy": undefined,
      "checked": undefined,
      "disabled": undefined,
      "expanded": undefined,
      "selected": undefined,
    }
  }
  accessibilityValue={
    {
      "max": undefined,
      "min": undefined,
      "now": undefined,
      "text": undefined,
    }
  }
  accessible={true}
  collapsable={false}
  focusable={true}
  onClick={[Function]}
  onResponderGrant={[Function]}
  onResponderMove={[Function]}
  onResponderRelease={[Function]}
  onResponderTerminate={[Function]}
  onResponderTerminationRequest={[Function]}
  onStartShouldSetResponder={[Function]}
  style={
    {
      "backgroundColor": "#FFFFFF",
      "borderRadius": 10,
      "marginVertical": 4,
      "opacity": 1,
      "paddingHorizontal": 12,
    }
  }
  testID="city-item"
>
  <Text>
    Warsaw-Clear-21.7-01d
  </Text>
</View>
`;
