// Jest Snapshot v1, https://goo.gl/fbAQLP

exports[`CityWeatherBasicRow matches snapshot 1`] = `
<View
  style={
    {
      "alignItems": "center",
      "borderBottomColor": "#E4E8EA",
      "borderBottomWidth": 1,
      "flexDirection": "row",
      "justifyContent": "space-between",
      "paddingVertical": 16,
    }
  }
>
  <View
    style={
      {
        "alignItems": "center",
        "flex": 1,
        "flexDirection": "row",
        "gap": 8,
      }
    }
  >
    <Text>
      Icon: 01d
    </Text>
    <View>
      <Text
        style={
          {
            "fontSize": 16,
            "fontWeight": "600",
          }
        }
      >
        Warsaw
      </Text>
      <Text
        style={
          {
            "fontSize": 14,
            "fontWeight": "400",
          }
        }
      >
        Sunny
      </Text>
    </View>
  </View>
  <View
    style={
      {
        "alignItems": "flex-end",
        "backgroundColor": "#FAD6A5",
        "borderRadius": 20,
        "minWidth": 60,
        "padding": 10,
      }
    }
  >
    <Text
      style={
        {
          "fontSize": 16,
          "fontWeight": "bold",
        }
      }
    >
      22Â°C
    </Text>
  </View>
</View>
`;
