// Jest Snapshot v1, https://goo.gl/fbAQLP

exports[`SearchBar renders correctly and matches snapshot 1`] = `
<View
  style={
    {
      "paddingHorizontal": 16,
      "paddingTop": 16,
    }
  }
>
  <TextInput
    autoCapitalize="none"
    autoCorrect={false}
    clearButtonMode="while-editing"
    onChangeText={[MockFunction]}
    placeholder="Search for a city..."
    placeholderTextColor="#A9A9A9"
    style={
      {
        "backgroundColor": "#FFFFFF",
        "borderRadius": 8,
        "fontSize": 16,
        "paddingHorizontal": 12,
        "paddingVertical": 10,
      }
    }
    value=""
  />
</View>
`;
